Toplam 86 dizi bulundu.
Gizli Milyarder Bölümler, Kısa Videolar, Haberler çekiliyor...
Robert Downey Jr.&#039;ın Rüya Arabaları Bölümler, Kısa Videolar, Haberler çekiliyor...
Ed Stafford ile Ormana Dönüş Bölümler, Kısa Videolar, Haberler çekiliyor...
Sakkara: Hiyerogliflerin Sırrı Bölümler, Kısa Videolar, Haberler çekiliyor...
İkinci El Kralları Bölümler, Kısa Videolar, Haberler çekiliyor...
Sakkara: Hiyerogliflerin Sırrı Bölümler, Kısa Videolar, Haberler tamamlandı, 0 bölüm bulundu.
Hurda Avcıları Bölümler, Kısa Videolar, Haberler çekiliyor...
Robert Downey Jr.&#039;ın Rüya Arabaları Bölümler, Kısa Videolar, Haberler tamamlandı, 6 bölüm bulundu.
Antik Mısır: Bir İmparatorluğun Güncesi Bölümler, Kısa Videolar, Haberler çekiliyor...
Ed Stafford ile Ormana Dönüş Bölümler, Kısa Videolar, Haberler tamamlandı, 12 bölüm bulundu.
Piramitler: Gizem Aydınlanıyor Bölümler, Kısa Videolar, Haberler çekiliyor...
Piramitler: Gizem Aydınlanıyor Bölümler, Kısa Videolar, Haberler tamamlandı, 0 bölüm bulundu.
Antik Mısır: Bir İmparatorluğun Güncesi Bölümler, Kısa Videolar, Haberler tamamlandı, 8 bölüm bulundu.
Bir Soygunun İçinde Bölümler, Kısa Videolar, Haberler çekiliyor...
Alaska Evleri Bölümler, Kısa Videolar, Haberler çekiliyor...
Gizli Milyarder Bölümler, Kısa Videolar, Haberler tamamlandı, 22 bölüm bulundu.
Altın Peşinde Bölümler, Kısa Videolar, Haberler çekiliyor...
Bir Soygunun İçinde Bölümler, Kısa Videolar, Haberler tamamlandı, 12 bölüm bulundu.
Ed Stafford ile Çingenelerle 60 Gün Bölümler, Kısa Videolar, Haberler çekiliyor...
Ed Stafford ile Çingenelerle 60 Gün Bölümler, Kısa Videolar, Haberler tamamlandı, 0 bölüm bulundu.
Sakın Yakalanma! Bölümler, Kısa Videolar, Haberler çekiliyor...
Sakın Yakalanma! Bölümler, Kısa Videolar, Haberler tamamlandı, 8 bölüm bulundu.
Denizde Can Derdinde Bölümler, Kısa Videolar, Haberler çekiliyor...
Denizde Can Derdinde Bölümler, Kısa Videolar, Haberler tamamlandı, 9 bölüm bulundu.
Biggie ve Tupac&#039;ı Kim Öldürdü? Bölümler, Kısa Videolar, Haberler çekiliyor...
Biggie ve Tupac&#039;ı Kim Öldürdü? Bölümler, Kısa Videolar, Haberler tamamlandı, 3 bölüm bulundu.
Escobar&#039;ın Kayıp Milyonları Bölümler, Kısa Videolar, Haberler çekiliyor...
Alaska Evleri Bölümler, Kısa Videolar, Haberler tamamlandı, 49 bölüm bulundu.
Tamirat Tadilat Bölümler, Kısa Videolar, Haberler çekiliyor...
Escobar&#039;ın Kayıp Milyonları Bölümler, Kısa Videolar, Haberler tamamlandı, 12 bölüm bulundu.
Alaska Üçgeni  Bölümler, Kısa Videolar, Haberler çekiliyor...
Altın Peşinde Bölümler, Kısa Videolar, Haberler tamamlandı, 233 bölüm bulundu.
truva-ati-bir-efsanenin-izinde çekiliyor...
truva-ati-bir-efsanenin-izinde tamamlandı, 0 bölüm bulundu.
bilinmeyene-yolculuk-gelecege-donus çekiliyor...
bilinmeyene-yolculuk-gelecege-donus tamamlandı, 0 bölüm bulundu.
ed-stafford-ile-amazon-macerasi çekiliyor...
ed-stafford-ile-amazon-macerasi tamamlandı, 0 bölüm bulundu.
gizli-milyarder-ikinci-sans çekiliyor...
gizli-milyarder-ikinci-sans tamamlandı, 0 bölüm bulundu.
hazine-arayisi-yilan-adasi çekiliyor...
hazine-arayisi-yilan-adasi tamamlandı, 0 bölüm bulundu.
guyin-hawaii-tarzi çekiliyor...
guyin-hawaii-tarzi tamamlandı, 0 bölüm bulundu.
mike-brewerin-araba-dunyasi çekiliyor...
mike-brewerin-araba-dunyasi tamamlandı, 0 bölüm bulundu.
yolda-ne-yiyoruz çekiliyor...
yolda-ne-yiyoruz tamamlandı, 0 bölüm bulundu.
krallar-vadisi-kayip-mezarlar çekiliyor...
krallar-vadisi-kayip-mezarlar tamamlandı, 0 bölüm bulundu.
everest-hava-kurtarma-ekibi çekiliyor...
everest-hava-kurtarma-ekibi tamamlandı, 0 bölüm bulundu.
uc-adam-dort-teker çekiliyor...
uc-adam-dort-teker tamamlandı, 0 bölüm bulundu.
kurtul-bakalim çekiliyor...
kurtul-bakalim tamamlandı, 0 bölüm bulundu.
lezzet-pesinde çekiliyor...
lezzet-pesinde tamamlandı, 0 bölüm bulundu.
bear-grylls-ile-everest-mucadelesi çekiliyor...
bear-grylls-ile-everest-mucadelesi tamamlandı, 0 bölüm bulundu.
hayalet-hastanesi çekiliyor...
hayalet-hastanesi tamamlandı, 0 bölüm bulundu.
ninja-warrior çekiliyor...
ninja-warrior tamamlandı, 0 bölüm bulundu.
kirsalda-yasamak-zor çekiliyor...
kirsalda-yasamak-zor tamamlandı, 0 bölüm bulundu.
antika-avcilari çekiliyor...
antika-avcilari tamamlandı, 0 bölüm bulundu.
usta-soforler çekiliyor...
usta-soforler tamamlandı, 0 bölüm bulundu.
korku-rotasi çekiliyor...
korku-rotasi tamamlandı, 0 bölüm bulundu.
dogada-dimdizlak çekiliyor...
dogada-dimdizlak tamamlandı, 0 bölüm bulundu.
everest-kurtarma-ekibi çekiliyor...
everest-kurtarma-ekibi tamamlandı, 0 bölüm bulundu.
bear-grylls-ile-zor-kurtulus çekiliyor...
bear-grylls-ile-zor-kurtulus tamamlandı, 0 bölüm bulundu.
ed-stafford-ile-adada-60-gun çekiliyor...
ed-stafford-ile-adada-60-gun tamamlandı, 0 bölüm bulundu.
bering-bogazinda-altin çekiliyor...
bering-bogazinda-altin tamamlandı, 0 bölüm bulundu.
morgan-freeman-ile-evrenin-sirlari çekiliyor...
morgan-freeman-ile-evrenin-sirlari tamamlandı, 0 bölüm bulundu.
alaskayi-mesken-tuttuk çekiliyor...
alaskayi-mesken-tuttuk tamamlandı, 0 bölüm bulundu.
vahsi-frank çekiliyor...
vahsi-frank tamamlandı, 0 bölüm bulundu.
megan-fox-ile-kayip-efsaneler çekiliyor...
megan-fox-ile-kayip-efsaneler tamamlandı, 0 bölüm bulundu.
hazinelerin-sirri çekiliyor...
hazinelerin-sirri tamamlandı, 0 bölüm bulundu.
bilinmeyene-yolculuk çekiliyor...
bilinmeyene-yolculuk tamamlandı, 0 bölüm bulundu.
tyson-kopekbaligina-karsi çekiliyor...
tyson-kopekbaligina-karsi tamamlandı, 0 bölüm bulundu.
tamir-ustasi-ant-anstead çekiliyor...
tamir-ustasi-ant-anstead tamamlandı, 0 bölüm bulundu.
alaskanin-uc-noktasi çekiliyor...
alaskanin-uc-noktasi tamamlandı, 0 bölüm bulundu.
nasil-yapilir çekiliyor...
nasil-yapilir tamamlandı, 0 bölüm bulundu.
ed-stafford-ve-ailesi-yabanda çekiliyor...
ed-stafford-ve-ailesi-yabanda tamamlandı, 0 bölüm bulundu.
kirli-isler çekiliyor...
kirli-isler tamamlandı, 0 bölüm bulundu.
ben-bunu-yerim çekiliyor...
İkinci El Kralları Bölümler, Kısa Videolar, Haberler tamamlandı, 82 bölüm bulundu.
Hayvanlar Bunu Nasıl Yapıyor? Bölümler, Kısa Videolar, Haberler çekiliyor...
Alaska Üçgeni  Bölümler, Kısa Videolar, Haberler tamamlandı, 20 bölüm bulundu.
Apollo: Kayıp Kayıtlar Bölümler, Kısa Videolar, Haberler çekiliyor...
Apollo: Kayıp Kayıtlar Bölümler, Kısa Videolar, Haberler tamamlandı, 0 bölüm bulundu.
Yukon&#039;da Yaşam Bölümler, Kısa Videolar, Haberler çekiliyor...
Yukon&#039;da Yaşam Bölümler, Kısa Videolar, Haberler tamamlandı, 9 bölüm bulundu.
Goblin Works Garajı Bölümler, Kısa Videolar, Haberler çekiliyor...
Goblin Works Garajı Bölümler, Kısa Videolar, Haberler tamamlandı, 5 bölüm bulundu.
Yabanda Kayıp Bölümler, Kısa Videolar, Haberler çekiliyor...
Hurda Avcıları Bölümler, Kısa Videolar, Haberler tamamlandı, 119 bölüm bulundu.
Yokoluşun Sınırında Bölümler, Kısa Videolar, Haberler çekiliyor...
Yokoluşun Sınırında Bölümler, Kısa Videolar, Haberler tamamlandı, 0 bölüm bulundu.
Nasıl Üretilmiş? Bölümler, Kısa Videolar, Haberler çekiliyor...
Nasıl Üretilmiş? Bölümler, Kısa Videolar, Haberler tamamlandı, 2 bölüm bulundu.
Ateş ve Yemek Bölümler, Kısa Videolar, Haberler çekiliyor...
Hayvanlar Bunu Nasıl Yapıyor? Bölümler, Kısa Videolar, Haberler tamamlandı, 40 bölüm bulundu.
Canavar Timsah İşgali Bölümler, Kısa Videolar, Haberler çekiliyor...
Canavar Timsah İşgali Bölümler, Kısa Videolar, Haberler tamamlandı, 0 bölüm bulundu.
Jeff Bezos&#039;un Uzay Yolculuğu Bölümler, Kısa Videolar, Haberler çekiliyor...
Jeff Bezos&#039;un Uzay Yolculuğu Bölümler, Kısa Videolar, Haberler tamamlandı, 0 bölüm bulundu.
Larry ve George Türkiye&#039;de Bölümler, Kısa Videolar, Haberler çekiliyor...
Larry ve George Türkiye&#039;de Bölümler, Kısa Videolar, Haberler tamamlandı, 6 bölüm bulundu.
Nasa&#039;nın Açıklanamayan Dosyaları Bölümler, Kısa Videolar, Haberler çekiliyor...
Nasa&#039;nın Açıklanamayan Dosyaları Bölümler, Kısa Videolar, Haberler tamamlandı, 0 bölüm bulundu.
Merak: Dünyanın En Pis Adamı Bölümler, Kısa Videolar, Haberler çekiliyor...
Merak: Dünyanın En Pis Adamı Bölümler, Kısa Videolar, Haberler tamamlandı, 0 bölüm bulundu.
Dizel Kardeşler Bölümler, Kısa Videolar, Haberler çekiliyor...
Dizel Kardeşler Bölümler, Kısa Videolar, Haberler tamamlandı, 0 bölüm bulundu.
Her Şey Nasıl Yapılır Bölümler, Kısa Videolar, Haberler çekiliyor...
Ateş ve Yemek Bölümler, Kısa Videolar, Haberler tamamlandı, 49 bölüm bulundu.
Tesla: Bir Cinayetin Perde Arkası Bölümler, Kısa Videolar, Haberler çekiliyor...
Tesla: Bir Cinayetin Perde Arkası Bölümler, Kısa Videolar, Haberler tamamlandı, 5 bölüm bulundu.
SAS: Cesaret Eden Kazanır Bölümler, Kısa Videolar, Haberler çekiliyor...
SAS: Cesaret Eden Kazanır Bölümler, Kısa Videolar, Haberler tamamlandı, 0 bölüm bulundu.
Bermuda Şeytan Üçgeni Laneti Bölümler, Kısa Videolar, Haberler çekiliyor...
Yabanda Kayıp Bölümler, Kısa Videolar, Haberler tamamlandı, 6 bölüm bulundu.
Altın Peşinde: Parker&#039;ın Yolu Bölümler, Kısa Videolar, Haberler çekiliyor...
Her Şey Nasıl Yapılır Bölümler, Kısa Videolar, Haberler tamamlandı, 10 bölüm bulundu.
Emlak Savaşları Bölümler, Kısa Videolar, Haberler çekiliyor...
Emlak Savaşları Bölümler, Kısa Videolar, Haberler tamamlandı, 1 bölüm bulundu.
Nasa&#039;nın Geleceğe Yolculuğu Bölümler, Kısa Videolar, Haberler çekiliyor...
Bermuda Şeytan Üçgeni Laneti Bölümler, Kısa Videolar, Haberler tamamlandı, 8 bölüm bulundu.
Nasa&#039;nın Geleceğe Yolculuğu Bölümler, Kısa Videolar, Haberler tamamlandı, 0 bölüm bulundu.
Sıra Dışı Karavanlar Bölümler, Kısa Videolar, Haberler çekiliyor...
Amerikalı Tarzan Bölümler, Kısa Videolar, Haberler çekiliyor...
Amerikalı Tarzan Bölümler, Kısa Videolar, Haberler tamamlandı, 0 bölüm bulundu.
Şifreler ve Komplolar Bölümler, Kısa Videolar, Haberler çekiliyor...
Şifreler ve Komplolar Bölümler, Kısa Videolar, Haberler tamamlandı, 0 bölüm bulundu.
Gürkan Şef ile Ateş Oyunları Bölümler, Kısa Videolar, Haberler çekiliyor...
Gürkan Şef ile Ateş Oyunları Bölümler, Kısa Videolar, Haberler tamamlandı, 0 bölüm bulundu.
Otoban Bölümler, Kısa Videolar, Haberler çekiliyor...
ben-bunu-yerim tamamlandı, 80 bölüm bulundu.
Denizkızları: Yeni Kanıt Bölümler, Kısa Videolar, Haberler çekiliyor...
Denizkızları: Yeni Kanıt Bölümler, Kısa Videolar, Haberler tamamlandı, 0 bölüm bulundu.
Gümrük Kontrol Bölümler, Kısa Videolar, Haberler çekiliyor...
Sıra Dışı Karavanlar Bölümler, Kısa Videolar, Haberler tamamlandı, 42 bölüm bulundu.
Gümrük Kontrol Bölümler, Kısa Videolar, Haberler tamamlandı, 30 bölüm bulundu.
Maradona&#039;yı Öldüren Sır Bölümler, Kısa Videolar, Haberler çekiliyor...
Altın Peşinde: Parker&#039;ın Yolu Bölümler, Kısa Videolar, Haberler tamamlandı, 65 bölüm bulundu.
Maradona&#039;yı Öldüren Sır Bölümler, Kısa Videolar, Haberler tamamlandı, 1 bölüm bulundu.
Merak: Yellowstone Ulusal Parkı Bölümler, Kısa Videolar, Haberler çekiliyor...
Merak: Yellowstone Ulusal Parkı Bölümler, Kısa Videolar, Haberler tamamlandı, 0 bölüm bulundu.
Otoban Bölümler, Kısa Videolar, Haberler tamamlandı, 12 bölüm bulundu.
Tamirat Tadilat Bölümler, Kısa Videolar, Haberler tamamlandı, 111 bölüm bulundu.
Tüm diziler işlendi!
